2026-09-15 09:47:28 INFO  [office.calendar.CalendarApplication] - Starting CalendarApplication using Java 17.0.20.1 with PID 1472 (C:\kmh\springboot_intellij\pjt\calendar\calendar\build\classes\java\main started by DW in C:\kmh\springboot_intellij\pjt\calendar)
2026-09-15 09:47:28 INFO  [office.calendar.CalendarApplication] - No active profile set, falling back to 1 default profile: "default"
2026-09-15 09:47:28 INFO  [devtools.env.DevToolsPropertyDefaultsPostProcessor] - Devtools property defaults active! Set 'spring.devtools.add-properties' to 'false' to disable
2026-09-15 09:47:28 INFO  [devtools.env.DevToolsPropertyDefaultsPostProcessor] - For additional web related logging consider setting the 'logging.level.web' property to 'DEBUG'
2026-09-15 09:47:29 INFO  [boot.tomcat.TomcatWebServer] - Tomcat initialized with port 8090 (http)
2026-09-15 09:47:30 INFO  [coyote.http11.Http11NioProtocol] - Initializing ProtocolHandler ["http-nio-8090"]
2026-09-15 09:47:30 INFO  [catalina.core.StandardService] - Starting service [Tomcat]
2026-09-15 09:47:30 INFO  [catalina.core.StandardEngine] - Starting Servlet engine: [Apache Tomcat/11.0.24]
2026-09-15 09:47:30 INFO  [context.servlet.WebApplicationContextInitializer] - Root WebApplicationContext: initialization completed in 1058 ms
2026-09-15 09:47:30 WARN  [security.autoconfigure.UserDetailsServiceAutoConfiguration] - 

Using generated security password: 798a152e-b92b-4cd9-a5cc-d3b1a5154461

This generated password is for development use only. Your security configuration must be updated before running your application in production.

2026-09-15 09:47:30 INFO  [authentication.configuration.InitializeUserDetailsBeanManagerConfigurer$InitializeUserDetailsManagerConfigurer] - Global AuthenticationManager configured with UserDetailsService bean with name inMemoryUserDetailsManager
2026-09-15 09:47:30 INFO  [coyote.http11.Http11NioProtocol] - Starting ProtocolHandler ["http-nio-8090"]
2026-09-15 09:47:30 INFO  [boot.tomcat.TomcatWebServer] - Tomcat started on port 8090 (http) with context path '/'
2026-09-15 09:47:30 INFO  [office.calendar.CalendarApplication] - Started CalendarApplication in 2.203 seconds (process running for 2.934)
2026-09-15 09:47:40 INFO  [[Tomcat].[localhost].[/]] - Initializing Spring DispatcherServlet 'dispatcherServlet'
2026-09-15 09:47:40 INFO  [web.servlet.DispatcherServlet] - Initializing Servlet 'dispatcherServlet'
2026-09-15 09:47:40 INFO  [web.servlet.DispatcherServlet] - Completed initialization in 1 ms
2026-09-15 09:47:40 INFO  [office.calendar.HomeController] - home()
2026-09-15 10:08:18 INFO  [devtools.autoconfigure.LocalDevToolsAutoConfiguration$RestartingClassPathChangeChangedEventListener] - Restarting due to 20 class path changes (0 additions, 0 deletions, 20 modifications)
2026-09-15 10:08:18 INFO  [boot.tomcat.GracefulShutdown] - Commencing graceful shutdown. Waiting for active requests to complete
2026-09-15 10:08:18 INFO  [coyote.http11.Http11NioProtocol] - Pausing ProtocolHandler ["http-nio-8090"]
2026-09-15 10:08:18 INFO  [boot.tomcat.GracefulShutdown] - Graceful shutdown complete
2026-09-15 10:08:18 INFO  [coyote.http11.Http11NioProtocol] - Stopping ProtocolHandler ["http-nio-8090"]
